exports[`TextInput component should render correctly with all props 1`] = `
<div
  className="input__group builder-inputGroup--prefix">
  <input
    autoFocus={true}
    className="input__text builder-input a class"
    placeholder="a placeholder"
    type="text" />
  <span
    className="input__prefix">
    prefix
    :
  </span>
</div>
`;
